mysql> source Q11.sql;
+------------+
| DNAME      |
+------------+
| Accounting |
| Education  |
+------------+
2 rows in set (0.00 sec)

mysql> notee;
