mysql> source Q2.sql
+-----------+---------+
| FName     | LName   |
+-----------+---------+
| Betty     | Gates   |
| Brad      | Bird    |
| Josephine | Freeman |
+-----------+---------+
3 rows in set (0.00 sec)

mysql> notee;
