mysql> source Q3.sql;
+-------------+--------------------+
| College     | COUNT(S.SectionNo) |
+-------------+--------------------+
| Business    |                  4 |
| Education   |                  0 |
| Engineering |                 20 |
| Science     |                 13 |
+-------------+--------------------+
4 rows in set (0.01 sec)

mysql> notee;
