mysql> source Q1.sql
+-------+---------+
| FName | LName   |
+-------+---------+
| John  | Smith   |
| Susan | Johnson |
| Alex  | Mace    |
| Karen | Geer    |
| Jason | Freeman |
+-------+---------+
5 rows in set (0.00 sec)

mysql> exit
