mysql> source Q4.sql;
+-----------+---------+
| FNAME     | LNAME   |
+-----------+---------+
| John      | Smith   |
| Betty     | Gates   |
| Karen     | Geer    |
| Brad      | Bird    |
| Josephine | Freeman |
| Jason     | Freeman |
+-----------+---------+
6 rows in set (0.00 sec)

mysql> notee;
