mysql> source Q5.sql;
+-------+---------+
| FNAME | LNAME   |
+-------+---------+
| John  | Smith   |
| Jason | Freeman |
+-------+---------+
2 rows in set (0.01 sec)

mysql> notee;
