mysql> source Q6.sql;
+------------------+
| DNAME            |
+------------------+
| Computer Science |
+------------------+
1 row in set (0.00 sec)

mysql> notee;
