mysql> source Q7.sql;
+---------+----------+-----------------+--------+
| FNAME   | LNAME    | CNAME           | LGrade |
+---------+----------+-----------------+--------+
| Joe     | Ford     | Intro to CS I   | C      |
| Susan   | Johnson  | Digital Systems | B      |
| Alex    | Mace     | Calculas I      | D      |
| Richard | McDonald | Databse Theory  | A      |
+---------+----------+-----------------+--------+
4 rows in set (0.00 sec)

mysql> notee;
